// Jest Snapshot v1, https://goo.gl/fbAQLP

exports[`ListOfCards Tests matches snapshot 1`] = `
<RCTScrollView
  data={[]}
  getItem={[Function]}
  getItemCount={[Function]}
  keyExtractor={[Function]}
  onContentSizeChange={[Function]}
  onEndReached={[Function]}
  onEndReachedThreshold={0.1}
  onLayout={[Function]}
  onMomentumScrollBegin={[Function]}
  onMomentumScrollEnd={[Function]}
  onScroll={[Function]}
  onScrollBeginDrag={[Function]}
  onScrollEndDrag={[Function]}
  removeClippedSubviews={false}
  renderItem={[Function]}
  scrollEventThrottle={50}
  stickyHeaderIndices={[]}
  style={
    {
      "flex": 1,
    }
  }
  viewabilityConfigCallbackPairs={[]}
>
  <View />
</RCTScrollView>
`;
